  Determining projects to restore...
C:\Users\brukb\Downloads\TMS_All_Modules_Code_and_Git\TMS_All_Modules\M4-M5-TmsApi\TmsApi.csproj : warning NU1903: Package 'Microsoft.OpenApi' 2.0.0 has a known high severity vulnerability, https://github.com/advisories/GHSA-v5pm-xwqc-g5wc
  All projects are up-to-date for restore.
C:\Users\brukb\Downloads\TMS_All_Modules_Code_and_Git\TMS_All_Modules\M4-M5-TmsApi\TmsApi.csproj : warning NU1903: Package 'Microsoft.OpenApi' 2.0.0 has a known high severity vulnerability, https://github.com/advisories/GHSA-v5pm-xwqc-g5wc
  TmsApi -> C:\Users\brukb\Downloads\TMS_All_Modules_Code_and_Git\TMS_All_Modules\M4-M5-TmsApi\bin\Debug\net10.0\TmsApi.dll

Build succeeded.

C:\Users\brukb\Downloads\TMS_All_Modules_Code_and_Git\TMS_All_Modules\M4-M5-TmsApi\TmsApi.csproj : warning NU1903: Package 'Microsoft.OpenApi' 2.0.0 has a known high severity vulnerability, https://github.com/advisories/GHSA-v5pm-xwqc-g5wc
C:\Users\brukb\Downloads\TMS_All_Modules_Code_and_Git\TMS_All_Modules\M4-M5-TmsApi\TmsApi.csproj : warning NU1903: Package 'Microsoft.OpenApi' 2.0.0 has a known high severity vulnerability, https://github.com/advisories/GHSA-v5pm-xwqc-g5wc
    2 Warning(s)
    0 Error(s)

Time Elapsed 00:00:06.87
